---------------------------------------------------------------------------
      name:  <unnamed>
       log:  /Users/oscar/Dropbox/JordaTaylorDropbox (1)/JEL_LP/LP_JEL_Repl
> ication/Example6_JointInference/all.log
  log type:  text
 opened on:  15 Jul 2024, 10:28:01

. 
. * graph settings
. set more off

. set scheme s1color

. 
. graph set window fontface "Palatino"

. graph set window fontfaceserif "Palatino"

.  
. gr drop _all

. 
. * main
. 
. // uncomment if needed, but this is slow:
. //do GMM_LPIV_GBF_estimate_part1
. 
. do GMM_LPIV_GBF_output_part2

. 
. cap cd "/Users/oscar/Dropbox/JordaTaylorDropbox (1)/JEL_LP/"

. cap cd "/Users/amtaylor/Dropbox/JordaTaylorDropbox/JEL_LP/"

. cd "LP_JEL_Replication/Example6_JointInference/"
/Users/oscar/Dropbox/JordaTaylorDropbox (1)/JEL_LP/LP_JEL_Replication/Examp
> le6_JointInference

. 
. 
. ****************************************************************/
. ****************************************************************/
. ** reload to save time
. 
. use  output.dta , clear

. local horizon 48

. estimates use gmm

. estimates replay

---------------------------------------------------------------------------
active results
---------------------------------------------------------------------------

GMM estimation 

Number of parameters =  98
Number of moments    = 392
Initial weight matrix: Unadjusted                 Number of obs   =        
> 121
GMM weight matrix:     Unadjusted

---------------------------------------------------------------------------
> ---
             |                 HAC
             | Coefficient  std. err.      z    P>|z|     [95% conf. interv
> al]
-------------+-------------------------------------------------------------
> ---
         /b0 |  -.1064262   .1036342    -1.03   0.304    -.3095454    .0966
> 931
         /c0 |   .0061603   .0122281     0.50   0.614    -.0178064     .030
> 127
         /b1 |  -.2771184   .1451333    -1.91   0.056    -.5615744    .0073
> 377
         /c1 |   .0121087   .0204244     0.59   0.553    -.0279224    .0521
> 399
         /b2 |  -.1369168   .2136324    -0.64   0.522    -.5556286    .2817
> 949
         /c2 |    .012935   .0281899     0.46   0.646    -.0423161    .0681
> 861
         /b3 |    -.30783   .2145274    -1.43   0.151     -.728296     .112
> 636
         /c3 |   .0129024   .0361261     0.36   0.721    -.0579035    .0837
> 083
         /b4 |  -.2280762   .2428301    -0.94   0.348    -.7040145    .2478
> 621
         /c4 |   .0157494   .0454022     0.35   0.729    -.0732374    .1047
> 361
         /b5 |   .0349409   .2647035     0.13   0.895    -.4838683    .5537
> 501
         /c5 |   .0163481    .054856     0.30   0.766    -.0911676    .1238
> 639
         /b6 |  -.0056199   .2852908    -0.02   0.984    -.5647795    .5535
> 397
         /c6 |   .0166235   .0625909     0.27   0.791    -.1060523    .1392
> 994
         /b7 |    .100621   .3070373     0.33   0.743    -.5011611     .702
> 403
         /c7 |    .014442   .0697703     0.21   0.836    -.1223054    .1511
> 893
         /b8 |   .1266621   .3138764     0.40   0.687    -.4885244    .7418
> 486
         /c8 |   .0180057   .0754878     0.24   0.811    -.1299475     .165
> 959
         /b9 |   .2364699   .3635988     0.65   0.515    -.4761707    .9491
> 105
         /c9 |   .0237896   .0816984     0.29   0.771    -.1363363    .1839
> 155
        /b10 |   .4033873   .3358279     1.20   0.230    -.2548234    1.061
> 598
        /c10 |   .0297554   .0861778     0.35   0.730    -.1391499    .1986
> 607
        /b11 |   .5381533   .3281796     1.64   0.101    -.1050669    1.181
> 373
        /c11 |   .0382096   .0898839     0.43   0.671    -.1379595    .2143
> 787
        /b12 |   .5956524   .3595545     1.66   0.098    -.1090615    1.300
> 366
        /c12 |   .0489191   .0925971     0.53   0.597    -.1325679    .2304
> 061
        /b13 |    .696255   .3919792     1.78   0.076      -.07201     1.46
> 452
        /c13 |   .0570093   .0949789     0.60   0.548     -.129146    .2431
> 645
        /b14 |   .7395653   .4065518     1.82   0.069    -.0572615    1.536
> 392
        /c14 |   .0639702   .0960316     0.67   0.505    -.1242483    .2521
> 888
        /b15 |   .7076371   .4148614     1.71   0.088    -.1054763    1.520
> 751
        /c15 |   .0692632   .0968761     0.71   0.475    -.1206105    .2591
> 369
        /b16 |   .7151173   .3847041     1.86   0.063     -.038889    1.469
> 124
        /c16 |   .0762957   .0974826     0.78   0.434    -.1147667    .2673
> 582
        /b17 |   .7841655   .3862919     2.03   0.042     .0270473    1.541
> 284
        /c17 |    .082197   .0984333     0.84   0.404    -.1107287    .2751
> 227
        /b18 |   .7359816    .393052     1.87   0.061    -.0343862    1.506
> 349
        /c18 |   .0859579   .0995467     0.86   0.388      -.10915    .2810
> 658
        /b19 |   .6602048   .3961197     1.67   0.096    -.1161756    1.436
> 585
        /c19 |   .0900822   .1013889     0.89   0.374    -.1086364    .2888
> 009
        /b20 |    1.00828   .4277655     2.36   0.018     .1698748    1.846
> 685
        /c20 |   .0997408   .1047267     0.95   0.341    -.1055198    .3050
> 013
        /b21 |   .8418757   .4446494     1.89   0.058    -.0296211    1.713
> 373
        /c21 |   .1066858   .1059774     1.01   0.314     -.101026    .3143
> 976
        /b22 |    .955757    .453127     2.11   0.035     .0676444     1.84
> 387
        /c22 |   .1103832   .1079861     1.02   0.307    -.1012657     .322
> 032
        /b23 |   1.034495   .4727848     2.19   0.029     .1078539    1.961
> 136
        /c23 |   .1172713    .109427     1.07   0.284    -.0972017    .3317
> 444
        /b24 |   .9247739   .4855744     1.90   0.057    -.0269344    1.876
> 482
        /c24 |   .1228931   .1096061     1.12   0.262    -.0919308     .337
> 717
        /b25 |   1.125736    .484996     2.32   0.020     .1751616    2.076
> 311
        /c25 |   .1281718   .1098438     1.17   0.243     -.087118    .3434
> 616
        /b26 |   1.180552    .497031     2.38   0.018     .2063891    2.154
> 715
        /c26 |   .1323116   .1093705     1.21   0.226    -.0820505    .3466
> 738
        /b27 |   1.184316   .5091533     2.33   0.020     .1863939    2.182
> 238
        /c27 |    .132846   .1089276     1.22   0.223    -.0806481    .3463
> 402
        /b28 |   1.209144   .5196768     2.33   0.020      .190596    2.227
> 692
        /c28 |   .1369928   .1078689     1.27   0.204    -.0744263     .348
> 412
        /b29 |   1.137771   .5181528     2.20   0.028     .1222101    2.153
> 332
        /c29 |   .1400454   .1069852     1.31   0.191    -.0696417    .3497
> 325
        /b30 |   1.064054    .521871     2.04   0.041     .0412057    2.086
> 902
        /c30 |   .1429672   .1060012     1.35   0.177    -.0647914    .3507
> 257
        /b31 |   1.222096   .5024369     2.43   0.015     .2373374    2.206
> 854
        /c31 |   .1465745   .1050652     1.40   0.163    -.0593494    .3524
> 984
        /b32 |    1.16556   .5282765     2.21   0.027     .1301567    2.200
> 963
        /c32 |   .1493859   .1036821     1.44   0.150    -.0538272     .352
> 599
        /b33 |   1.011409   .5211762     1.94   0.052    -.0100774    2.032
> 896
        /c33 |   .1507394   .1023109     1.47   0.141    -.0497864    .3512
> 652
        /b34 |   .9897325   .4771729     2.07   0.038     .0544908    1.924
> 974
        /c34 |    .146539   .1000365     1.46   0.143     -.049529     .342
> 607
        /b35 |   .7812856   .4845382     1.61   0.107    -.1683917    1.730
> 963
        /c35 |   .1417877   .0975314     1.45   0.146    -.0493702    .3329
> 456
        /b36 |   .5905552   .4932678     1.20   0.231    -.3762319    1.557
> 342
        /c36 |   .1352178   .0965318     1.40   0.161     -.053981    .3244
> 167
        /b37 |   .4857201    .486323     1.00   0.318    -.4674555    1.438
> 896
        /c37 |   .1279918   .0955746     1.34   0.181    -.0593309    .3153
> 146
        /b38 |    .337699   .5245328     0.64   0.520    -.6903665    1.365
> 764
        /c38 |   .1246288   .0953322     1.31   0.191     -.062219    .3114
> 766
        /b39 |   .2231293   .5210293     0.43   0.668    -.7980693    1.244
> 328
        /c39 |   .1213834   .0949427     1.28   0.201    -.0647009    .3074
> 678
        /b40 |   .3512862   .5018647     0.70   0.484    -.6323505    1.334
> 923
        /c40 |   .1160157   .0949848     1.22   0.222     -.070151    .3021
> 824
        /b41 |   .2819391   .5703598     0.49   0.621    -.8359455    1.399
> 824
        /c41 |   .1116192   .0953475     1.17   0.242    -.0752585    .2984
> 969
        /b42 |   .3120592   .5717282     0.55   0.585    -.8085075    1.432
> 626
        /c42 |   .1052558   .0970045     1.09   0.278    -.0848695    .2953
> 811
        /b43 |    .312511    .521591     0.60   0.549    -.7097885     1.33
> 481
        /c43 |   .0985648   .0988901     1.00   0.319    -.0952562    .2923
> 858
        /b44 |   .1635823   .5536545     0.30   0.768    -.9215606    1.248
> 725
        /c44 |   .0891545   .1024219     0.87   0.384    -.1115887    .2898
> 976
        /b45 |   .1634476    .519548     0.31   0.753    -.8548478    1.181
> 743
        /c45 |   .0780783   .1063681     0.73   0.463    -.1303993    .2865
> 559
        /b46 |   .1822017   .5391916     0.34   0.735    -.8745944    1.238
> 998
        /c46 |   .0685683   .1105145     0.62   0.535     -.148036    .2851
> 727
        /b47 |   .2303366   .5751769     0.40   0.689    -.8969895    1.357
> 663
        /c47 |   .0609895   .1157175     0.53   0.598    -.1658127    .2877
> 917
        /b48 |   .1773445   .6266192     0.28   0.777    -1.050807    1.405
> 496
        /c48 |   .0536098   .1223789     0.44   0.661    -.1862485    .2934
> 681
---------------------------------------------------------------------------
> ---
HAC standard errors based on Bartlett kernel with 6 lags.
Instruments for equation eq1: rz L.rz L2.rz L3.rz L4.rz L5.rz L6.rz
    _cons
Instruments for equation eq2: rz L.rz L2.rz L3.rz L4.rz L5.rz L6.rz
    _cons
Instruments for equation eq3: rz L.rz L2.rz L3.rz L4.rz L5.rz L6.rz
    _cons
Instruments for equation eq4: rz L.rz L2.rz L3.rz L4.rz L5.rz L6.rz
    _cons
Instruments for equation eq5: rz L.rz L2.rz L3.rz L4.rz L5.rz L6.rz
    _cons
Instruments for equation eq6: rz L.rz L2.rz L3.rz L4.rz L5.rz L6.rz
    _cons
Instruments for equation eq7: rz L.rz L2.rz L3.rz L4.rz L5.rz L6.rz
    _cons
Instruments for equation eq8: rz L.rz L2.rz L3.rz L4.rz L5.rz L6.rz
    _cons
Instruments for equation eq9: rz L.rz L2.rz L3.rz L4.rz L5.rz L6.rz
    _cons
Instruments for equation eq10: rz L.rz L2.rz L3.rz L4.rz L5.rz L6.rz
    _cons
Instruments for equation eq11: rz L.rz L2.rz L3.rz L4.rz L5.rz L6.rz
    _cons
Instruments for equation eq12: rz L.rz L2.rz L3.rz L4.rz L5.rz L6.rz
    _cons
Instruments for equation eq13: rz L.rz L2.rz L3.rz L4.rz L5.rz L6.rz
    _cons
Instruments for equation eq14: rz L.rz L2.rz L3.rz L4.rz L5.rz L6.rz
    _cons
Instruments for equation eq15: rz L.rz L2.rz L3.rz L4.rz L5.rz L6.rz
    _cons
Instruments for equation eq16: rz L.rz L2.rz L3.rz L4.rz L5.rz L6.rz
    _cons
Instruments for equation eq17: rz L.rz L2.rz L3.rz L4.rz L5.rz L6.rz
    _cons
Instruments for equation eq18: rz L.rz L2.rz L3.rz L4.rz L5.rz L6.rz
    _cons
Instruments for equation eq19: rz L.rz L2.rz L3.rz L4.rz L5.rz L6.rz
    _cons
Instruments for equation eq20: rz L.rz L2.rz L3.rz L4.rz L5.rz L6.rz
    _cons
Instruments for equation eq21: rz L.rz L2.rz L3.rz L4.rz L5.rz L6.rz
    _cons
Instruments for equation eq22: rz L.rz L2.rz L3.rz L4.rz L5.rz L6.rz
    _cons
Instruments for equation eq23: rz L.rz L2.rz L3.rz L4.rz L5.rz L6.rz
    _cons
Instruments for equation eq24: rz L.rz L2.rz L3.rz L4.rz L5.rz L6.rz
    _cons
Instruments for equation eq25: rz L.rz L2.rz L3.rz L4.rz L5.rz L6.rz
    _cons
Instruments for equation eq26: rz L.rz L2.rz L3.rz L4.rz L5.rz L6.rz
    _cons
Instruments for equation eq27: rz L.rz L2.rz L3.rz L4.rz L5.rz L6.rz
    _cons
Instruments for equation eq28: rz L.rz L2.rz L3.rz L4.rz L5.rz L6.rz
    _cons
Instruments for equation eq29: rz L.rz L2.rz L3.rz L4.rz L5.rz L6.rz
    _cons
Instruments for equation eq30: rz L.rz L2.rz L3.rz L4.rz L5.rz L6.rz
    _cons
Instruments for equation eq31: rz L.rz L2.rz L3.rz L4.rz L5.rz L6.rz
    _cons
Instruments for equation eq32: rz L.rz L2.rz L3.rz L4.rz L5.rz L6.rz
    _cons
Instruments for equation eq33: rz L.rz L2.rz L3.rz L4.rz L5.rz L6.rz
    _cons
Instruments for equation eq34: rz L.rz L2.rz L3.rz L4.rz L5.rz L6.rz
    _cons
Instruments for equation eq35: rz L.rz L2.rz L3.rz L4.rz L5.rz L6.rz
    _cons
Instruments for equation eq36: rz L.rz L2.rz L3.rz L4.rz L5.rz L6.rz
    _cons
Instruments for equation eq37: rz L.rz L2.rz L3.rz L4.rz L5.rz L6.rz
    _cons
Instruments for equation eq38: rz L.rz L2.rz L3.rz L4.rz L5.rz L6.rz
    _cons
Instruments for equation eq39: rz L.rz L2.rz L3.rz L4.rz L5.rz L6.rz
    _cons
Instruments for equation eq40: rz L.rz L2.rz L3.rz L4.rz L5.rz L6.rz
    _cons
Instruments for equation eq41: rz L.rz L2.rz L3.rz L4.rz L5.rz L6.rz
    _cons
Instruments for equation eq42: rz L.rz L2.rz L3.rz L4.rz L5.rz L6.rz
    _cons
Instruments for equation eq43: rz L.rz L2.rz L3.rz L4.rz L5.rz L6.rz
    _cons
Instruments for equation eq44: rz L.rz L2.rz L3.rz L4.rz L5.rz L6.rz
    _cons
Instruments for equation eq45: rz L.rz L2.rz L3.rz L4.rz L5.rz L6.rz
    _cons
Instruments for equation eq46: rz L.rz L2.rz L3.rz L4.rz L5.rz L6.rz
    _cons
Instruments for equation eq47: rz L.rz L2.rz L3.rz L4.rz L5.rz L6.rz
    _cons
Instruments for equation eq48: rz L.rz L2.rz L3.rz L4.rz L5.rz L6.rz
    _cons
Instruments for equation eq49: rz L.rz L2.rz L3.rz L4.rz L5.rz L6.rz
    _cons

. test ///
> _b[/b0] = _b[/b1] = _b[/b2] = _b[/b3] = _b[/b4] = _b[/b5] = ///
> _b[/b6] = _b[/b7] = _b[/b8] = _b[/b9] = _b[/b10] = _b[/b11] = ///
> _b[/b12] = _b[/b13] = _b[/b14] = _b[/b15] = _b[/b16] = _b[/b17] = ///
> _b[/b18] = _b[/b19] = _b[/b20] = _b[/b21] = _b[/b22] = _b[/b23] = ///
> _b[/b24] = _b[/b25] = _b[/b26] = _b[/b27] = _b[/b28] = _b[/b29] = ///
> _b[/b30] = _b[/b31] = _b[/b32] = _b[/b33] = _b[/b34] = _b[/b35] = ///
> _b[/b36] = _b[/b37] = _b[/b38] = _b[/b39] = _b[/b40] = _b[/b41] = ///
> _b[/b42] = _b[/b43] = _b[/b44] = _b[/b45] = _b[/b46] = _b[/b47] = ///
> _b[/b48] = 0

 ( 1)  [b0]_cons - [b1]_cons = 0
 ( 2)  [b0]_cons - [b2]_cons = 0
 ( 3)  [b0]_cons - [b3]_cons = 0
 ( 4)  [b0]_cons - [b4]_cons = 0
 ( 5)  [b0]_cons - [b5]_cons = 0
 ( 6)  [b0]_cons - [b6]_cons = 0
 ( 7)  [b0]_cons - [b7]_cons = 0
 ( 8)  [b0]_cons - [b8]_cons = 0
 ( 9)  [b0]_cons - [b9]_cons = 0
 (10)  [b0]_cons - [b10]_cons = 0
 (11)  [b0]_cons - [b11]_cons = 0
 (12)  [b0]_cons - [b12]_cons = 0
 (13)  [b0]_cons - [b13]_cons = 0
 (14)  [b0]_cons - [b14]_cons = 0
 (15)  [b0]_cons - [b15]_cons = 0
 (16)  [b0]_cons - [b16]_cons = 0
 (17)  [b0]_cons - [b17]_cons = 0
 (18)  [b0]_cons - [b18]_cons = 0
 (19)  [b0]_cons - [b19]_cons = 0
 (20)  [b0]_cons - [b20]_cons = 0
 (21)  [b0]_cons - [b21]_cons = 0
 (22)  [b0]_cons - [b22]_cons = 0
 (23)  [b0]_cons - [b23]_cons = 0
 (24)  [b0]_cons - [b24]_cons = 0
 (25)  [b0]_cons - [b25]_cons = 0
 (26)  [b0]_cons - [b26]_cons = 0
 (27)  [b0]_cons - [b27]_cons = 0
 (28)  [b0]_cons - [b28]_cons = 0
 (29)  [b0]_cons - [b29]_cons = 0
 (30)  [b0]_cons - [b30]_cons = 0
 (31)  [b0]_cons - [b31]_cons = 0
 (32)  [b0]_cons - [b32]_cons = 0
 (33)  [b0]_cons - [b33]_cons = 0
 (34)  [b0]_cons - [b34]_cons = 0
 (35)  [b0]_cons - [b35]_cons = 0
 (36)  [b0]_cons - [b36]_cons = 0
 (37)  [b0]_cons - [b37]_cons = 0
 (38)  [b0]_cons - [b38]_cons = 0
 (39)  [b0]_cons - [b39]_cons = 0
 (40)  [b0]_cons - [b40]_cons = 0
 (41)  [b0]_cons - [b41]_cons = 0
 (42)  [b0]_cons - [b42]_cons = 0
 (43)  [b0]_cons - [b43]_cons = 0
 (44)  [b0]_cons - [b44]_cons = 0
 (45)  [b0]_cons - [b45]_cons = 0
 (46)  [b0]_cons - [b46]_cons = 0
 (47)  [b0]_cons - [b47]_cons = 0
 (48)  [b0]_cons - [b48]_cons = 0
 (49)  [b0]_cons = 0

           chi2( 49) =  446.89
         Prob > chi2 =    0.0000

. 
. *local pvalue : display %12.5f r(p) //%12.2e r(p)
. local p_joint: di %5.3f r(p)

. disp "`p_joint'"
0.000

. local chi2_joint: di %5.3f r(chi2)

. disp "`chi2_joint'"
446.889

. local df_joint: di r(df)

. disp "`df_joint'"
49

. 
. 
. estimates use gmmgbf

. estimates replay

---------------------------------------------------------------------------
active results
---------------------------------------------------------------------------

GMM estimation 

Number of parameters =   3
Number of moments    =  98
Initial weight matrix: Unadjusted                 Number of obs   =        
> 127
GMM weight matrix:     Unadjusted

---------------------------------------------------------------------------
> ---
             |                 HAC
             | Coefficient  std. err.      z    P>|z|     [95% conf. interv
> al]
-------------+-------------------------------------------------------------
> ---
         /a0 |   1.387518   .2778542     4.99   0.000     .8429337    1.932
> 102
         /b0 |    26.1893   .9223044    28.40   0.000     24.38162    27.99
> 699
         /c0 |   12.99661   .8910589    14.59   0.000     11.25017    14.74
> 305
---------------------------------------------------------------------------
> ---
HAC standard errors based on Bartlett kernel with 179 lags.
Instruments for equation eq1: rz _cons
Instruments for equation eq2: rz _cons
Instruments for equation eq3: rz _cons
Instruments for equation eq4: rz _cons
Instruments for equation eq5: rz _cons
Instruments for equation eq6: rz _cons
Instruments for equation eq7: rz _cons
Instruments for equation eq8: rz _cons
Instruments for equation eq9: rz _cons
Instruments for equation eq10: rz _cons
Instruments for equation eq11: rz _cons
Instruments for equation eq12: rz _cons
Instruments for equation eq13: rz _cons
Instruments for equation eq14: rz _cons
Instruments for equation eq15: rz _cons
Instruments for equation eq16: rz _cons
Instruments for equation eq17: rz _cons
Instruments for equation eq18: rz _cons
Instruments for equation eq19: rz _cons
Instruments for equation eq20: rz _cons
Instruments for equation eq21: rz _cons
Instruments for equation eq22: rz _cons
Instruments for equation eq23: rz _cons
Instruments for equation eq24: rz _cons
Instruments for equation eq25: rz _cons
Instruments for equation eq26: rz _cons
Instruments for equation eq27: rz _cons
Instruments for equation eq28: rz _cons
Instruments for equation eq29: rz _cons
Instruments for equation eq30: rz _cons
Instruments for equation eq31: rz _cons
Instruments for equation eq32: rz _cons
Instruments for equation eq33: rz _cons
Instruments for equation eq34: rz _cons
Instruments for equation eq35: rz _cons
Instruments for equation eq36: rz _cons
Instruments for equation eq37: rz _cons
Instruments for equation eq38: rz _cons
Instruments for equation eq39: rz _cons
Instruments for equation eq40: rz _cons
Instruments for equation eq41: rz _cons
Instruments for equation eq42: rz _cons
Instruments for equation eq43: rz _cons
Instruments for equation eq44: rz _cons
Instruments for equation eq45: rz _cons
Instruments for equation eq46: rz _cons
Instruments for equation eq47: rz _cons
Instruments for equation eq48: rz _cons
Instruments for equation eq49: rz _cons

. 
. local ab:  di %5.3fc  _b[a0:_cons]

. local ase: di %5.3fc _se[a0:_cons]

. local bb:  di %5.3fc  _b[b0:_cons]

. local bse: di %5.3fc _se[b0:_cons]

. local cb:  di %5.3fc  _b[c0:_cons]

. local cse: di %5.3fc _se[c0:_cons]

. 
. disp "a = `ab' (`ase')" 
a = 1.388 (0.278)

. disp "b = `bb' (`bse')" 
b = 26.189 (0.922)

. disp "c = `cb' (`cse')" 
c = 12.997 (0.891)

. 
. 
. 
. ***************** LPIV figure ********************************
.         twoway ///
>         (scatteri 2.3 0 2.3 48,  recast(line) lw(thin) mc(none) lc(black)
>  lp(solid)) ///
>         (scatteri 2.3 0 2.3 48,  recast(dropline) base(2.2) lw(thin) mc(n
> one) lc(black) lp(solid)) ///
>         (rarea bju bjd  t, fcolor(blue%10) lcolor(white) lpattern(solid))
>  ///
>         (rarea bj2u bj2d  t, fcolor(blue%20) lcolor(white) lpattern(solid
> )) ///
>         (line bj t, lcolor(blue) lpattern(dash) lwidth(thick)) /// 
>         (line zero t, lcolor(black)) if t < `horizon'  , ///
>         /// title("Response estimated by LPIV", color(black) size(medium)
> ) ///
>         ytitle("Response, percentage points, {fontface cmsy10: R}({it:h})
> ") xtitle("Horizon, months, {it:h}") ///
>         graphregion(color(white)) plotregion(color(white)) ///
>                 text(2.5 24 "Joint test, {fontface cmsy10: R}({it:h})=0: 
>  {it:{&chi}}{superscript:2}(`df_joint')=`:display %5.1fc `chi2_joint'' ({
> it:p}=`:display %5.3fc `p_joint'')") ///
>                 xlab(0(12)48) ylab(-1(1)2.5)    legend(off) name(fig_urat
> e_LPIV, replace) ///
>                 xsize(3) ysize(3)

. 
.         //graph save   fig_urate_LPIV.gph, replace
.         gr export "fig_urate_LPIV.pdf", replace
file /Users/oscar/Dropbox/JordaTaylorDropbox
    (1)/JEL_LP/LP_JEL_Replication/Example6_JointInference/fig_urate_LPIV.
    > pdf saved as PDF format

. 
. ***************** GBF with GBR bands ************************** 
.         twoway (rarea b_gbf_u b_gbf_d  t, ///
>         fcolor(purple%10) lcolor(white) lpattern(solid)) ///
>         (rarea b_gbf_2u b_gbf_2d t, ///
>         fcolor(purple%20) lcolor(white) lpattern(solid)) ///
>         (line bj t, lcolor(blue) ///
>         lpattern(dash) lwidth(thick)) /// 
>         (line b_gbf t, lcolor(purple) ///
>         lpattern(solid) lwidth(thick)) /// 
>         (line zero t, lcolor(black)) if t < `horizon', ///
>         /// title("Gaussian Basis Function Approximation", color(black) s
> ize(medium)) ///
>         ytitle("Response, percentage points, {fontface cmsy10: R}({it:h})
> ") xtitle("Horizon, months, {it:h}") ///
>         graphregion(color(white)) plotregion(color(white)) ///
>         text( 2.6 32    "GBF parameters:" , placement(east) ) ///
>         text( 2.42 32   "{it:a}=`ab' (`ase')" , placement(east) ) ///
>         text( 2.24 32   "{it:b}=`bb' (`bse')" , placement(east) ) ///
>         text( 2.06 32   "{it:c}=`cb' (`cse')" , placement(east) ) ///
>         xlab(0(12)48) ylab(-1(1)2.5)    legend(off) name(fig_urate_gbf, r
> eplace) ///
>                 xsize(3) ysize(3)

.                 
.         //graph save   fig_urate_gbf.gph, replace
.         gr export "fig_urate_gbf.pdf", replace
file /Users/oscar/Dropbox/JordaTaylorDropbox
    (1)/JEL_LP/LP_JEL_Replication/Example6_JointInference/fig_urate_gbf.p
    > df saved as PDF format

.         
. 
.         *************************************************************
. 
. 
.         
. 
end of do-file

. 
. * clean up and save for use in the paper
. 
. copy fig_urate_LPIV.pdf                 Figure6a.pdf , replace

. copy fig_urate_gbf.pdf                  Figure6b.pdf , replace

. 
. cap log close
