---------------------------------------------------------------------------
      name:  <unnamed>
       log:  /Users/oscar/Dropbox/JordaTaylorDropbox (1)/JEL_LP/LP_JEL_Repl
> ication/Example5_SignificanceBands/all.log
  log type:  text
 opened on:  15 Jul 2024, 10:26:01

. 
. * graph settings
. set more off

. set scheme s1color

. 
. graph set window fontface "Palatino"

. graph set window fontfaceserif "Palatino"

.  
. gr drop _all

. 
. * main
. 
. do sbands_RR.do

. *******************************************************
. *       SIGNIFICANCE BANDS: Romer and Romer example
. *******************************************************
. cap cd "/Users/oscar/Dropbox/JordaTaylorDropbox (1)/JEL_LP/"

. cap cd "/Users/amtaylor/Dropbox/JordaTaylorDropbox/JEL_LP/"

. cd "LP_JEL_Replication/Example5_SignificanceBands/"
/Users/oscar/Dropbox/JordaTaylorDropbox (1)/JEL_LP/LP_JEL_Replication/Examp
> le5_SignificanceBands

. 
. clear

. set more off 

. 
. set scheme s1color

. graph set window fontface "Palatino"

. 
. *********DATA************************************
. 
. use aggregatedata_final.dta, clear

. 
. 
. 
. *** drop any missing observations
. cap drop when* 

. gen when=0

. 
. *** scale variables to work in percent
. replace dlrgdp = dlrgdp
(0 real changes made)

. replace dlcpi  = dlcpi
(0 real changes made)

. replace lcpi   = 100*lcpi
(508 real changes made)

. replace lrgdp  = 100*lrgdp
(514 real changes made)

. 
. 
. drop if qdate < tq(1985q1)
(384 observations deleted)

. drop if qdate > tq(2007q4)
(38 observations deleted)

. sort qdate

. tsset qdate, q

Time variable: qdate, 1985q1 to 2007q4
        Delta: 1 quarter

. 
. *********************************************
. **** SET PARAMETERS + RUN SPECIFICATIONS ****
. *********************************************
. 
. ** increase the plot horizon 
. local h = 17

. 
. * Impulse variable: stir
. local x stir

. 
. * Response variables: lcpi
. local y lcpi

. 
. * Instrument: rr_shock
. local z rr_shock

. 
. * LP lags
. local lags = 6

. 
. * N. of Newey-West lags
. local nwlag `h'

. 
. * Significance level of test
. local p 0.05

. 
. * Block size for bootstrap
. local block `h'

. 
. 
. ****** LP Regressions *************************
. 
. *** Construct LHS forward variables
. forvalues i=0/`h' {
  2. 
.         cap drop `y'_f`i'
  3.         * Long differences
.         gen `y'_f`i' = (f`i'.`y' - l.`y') 
  4.         
.         
. }
(1 missing value generated)
(2 missing values generated)
(3 missing values generated)
(4 missing values generated)
(5 missing values generated)
(6 missing values generated)
(7 missing values generated)
(8 missing values generated)
(9 missing values generated)
(10 missing values generated)
(11 missing values generated)
(12 missing values generated)
(13 missing values generated)
(14 missing values generated)
(15 missing values generated)
(16 missing values generated)
(17 missing values generated)
(18 missing values generated)

. 
. *** Empty variables to fill in with the LP estimates
. 
.         cap drop b_`y'_`x' se_`y'_`x'

.                 
.         gen b_`y'_`x' = .
(92 missing values generated)

.         gen se_`y'_`x' = .
(92 missing values generated)

.                 
. 
. 
. qui{

. *** Generate the usual confidence bands
. 
. 
.         cap drop u1_`y'_`x' d1_`y'_`x' u2_`y'_`x' d2_`y'_`x'

.         gen u1_`y'_`x' = .
(92 missing values generated)

.         gen d1_`y'_`x' = .
(92 missing values generated)

.         gen u2_`y'_`x' = .
(92 missing values generated)

.         gen d2_`y'_`x' = .
(92 missing values generated)

.         
.         replace u1_`y'_`x' = b_`y'_`x' + se_`y'_`x'
(18 real changes made)

.         replace d1_`y'_`x' = b_`y'_`x' - se_`y'_`x'
(18 real changes made)

.         replace u2_`y'_`x' = b_`y'_`x' + invnormal(1 -`p'/2)*se_`y'_`x'
(18 real changes made)

.         replace d2_`y'_`x' = b_`y'_`x' - invnormal(1 -`p'/2)*se_`y'_`x'
(18 real changes made)

.         
. 
. 
. ****************************************************
. *** Now do joint estimation using stacking trick ***
. *** Also useful to construct significance bands  ***
. 
. *** First do FWL step
. 
. 
. qui{

. 
. *** Note I used Romer shocks directly rather than as an instrument
. 
. *** Do Significance bands as in the paper
. gen bju = .
(92 missing values generated)

. gen bjd = .
(92 missing values generated)

. 
. gen w = r_`z'^2
(6 missing values generated)

. reg w

      Source |       SS           df       MS      Number of obs   =       
>  86
-------------+----------------------------------   F(0, 85)        =      0
> .00
       Model |           0         0           .   Prob > F        =       
>   .
    Residual |  .302168861        85  .003554928   R-squared       =    0.0
> 000
-------------+----------------------------------   Adj R-squared   =    0.0
> 000
       Total |  .302168861        85  .003554928   Root MSE        =    .05
> 962

---------------------------------------------------------------------------
> ---
           w | Coefficient  Std. err.      t    P>|t|     [95% conf. interv
> al]
-------------+-------------------------------------------------------------
> ---
       _cons |   .0477642   .0064293     7.43   0.000     .0349809    .0605
> 474
---------------------------------------------------------------------------
> ---

. local mw = _b[_cons]

. 
. gen eta = r_`y'_f0 * r_`z'
(6 missing values generated)

. newey eta, lag(`nwlag')

Regression with Newey–West standard errors      Number of obs     =        
>  86
Maximum lag = 17                                F(  0,        85) =        
>   .
                                                Prob > F          =        
>   .

---------------------------------------------------------------------------
> ---
             |             Newey–West
         eta | Coefficient  std. err.      t    P>|t|     [95% conf. interv
> al]
-------------+-------------------------------------------------------------
> ---
       _cons |   .0017759   .0030618     0.58   0.563    -.0043119    .0078
> 636
---------------------------------------------------------------------------
> ---

. local seta = _se[_cons]

. 
. local sbeta = `seta'/`mw'

. 
. forvalues i = 0/`h'{
  2.         replace bju = invnormal(1 - (`p'/(2*(`h'+1))))*`sbeta' if `i' 
> == _n -1
  3.         replace bjd = -bju
  4. }
(1 real change made)
(1 real change made)
(1 real change made)
(1 real change made)
(1 real change made)
(1 real change made)
(1 real change made)
(1 real change made)
(1 real change made)
(1 real change made)
(1 real change made)
(1 real change made)
(1 real change made)
(1 real change made)
(1 real change made)
(1 real change made)
(1 real change made)
(1 real change made)
(1 real change made)
(1 real change made)
(1 real change made)
(1 real change made)
(1 real change made)
(1 real change made)
(1 real change made)
(1 real change made)
(1 real change made)
(1 real change made)
(1 real change made)
(1 real change made)
(1 real change made)
(1 real change made)
(1 real change made)
(1 real change made)
(1 real change made)
(1 real change made)

. 
. *** Do a bootstrap version
. gen bootju = .
(92 missing values generated)

. gen bootjd = .
(92 missing values generated)

. 
. 
. * Create a variable for the block index
. gen block_id = floor((_n+`block'-1) /`block')

. gen x = 1

. 
. wildbootstrap reg eta x, nocons cluster(block_id)  rseed(12345)

Performing 1,000 replications for p-value for x = 0 ...
Computing confidence interval for x
  Lower bound: .........10.........20...... done (26)
note: lower-bound CI achieved F(-4.99e-03) = 0.0190, but target is F(x) =
      .025.
note: at least one bootstrap t statistic matches the t statistic under
      the null; this prevents the CI bound from converging to the target.
  Upper bound: .........10.........20.........30.........40.. done (42)
note: upper-bound CI achieved 1-F(0.01) = 0.0230, but target is 1-F(x) =
      .025.
note: at least one bootstrap t statistic matches the t statistic under
      the null; this prevents the CI bound from converging to the target.

Wild cluster bootstrap                              Number of obs      =   
> 86
Linear regression                                   Number of clusters =   
>  6
                                                    Cluster size:
Cluster variable: block_id                                         min =   
>  7
Error weight: Rademacher                                           avg = 14
> .3
                                                                   max =   
> 17
---------------------------------------------------------------------------
> --
                     eta |   Estimate      t  p-value    [95% conf. interva
> l]
-------------------------+-------------------------------------------------
> --
constraint               |
                   x = 0 |   .0017759    0.53   0.634   -.0049863    .01165
> 53
---------------------------------------------------------------------------
> --

. local bootse = _se[x]

. local sboot_b = `bootse'/`mw'

. 
. forvalues i = 0/`h'{
  2.         replace bootju = invnormal(1 - (`p'/(2*(`h'+1))))*`sboot_b' if
>  `i' == _n -1
  3.         replace bootjd = -bootju
  4. }
(1 real change made)
(1 real change made)
(1 real change made)
(1 real change made)
(1 real change made)
(1 real change made)
(1 real change made)
(1 real change made)
(1 real change made)
(1 real change made)
(1 real change made)
(1 real change made)
(1 real change made)
(1 real change made)
(1 real change made)
(1 real change made)
(1 real change made)
(1 real change made)
(1 real change made)
(1 real change made)
(1 real change made)
(1 real change made)
(1 real change made)
(1 real change made)
(1 real change made)
(1 real change made)
(1 real change made)
(1 real change made)
(1 real change made)
(1 real change made)
(1 real change made)
(1 real change made)
(1 real change made)
(1 real change made)
(1 real change made)
(1 real change made)

. 
. 
. 
. sort qdate

. tsset qdate, q

Time variable: qdate, 1985q1 to 2007q4
        Delta: 1 quarter

. 
. 
. *** stack data by horizon
. reshape long r_`y'_f, i(qdate) j(hor)
(j = 0 1 2 3 4 5 6 7 8 9 10 11 12 13 14 15 16 17)

Data                               Wide   ->   Long
---------------------------------------------------------------------------
> --
Number of observations               92   ->   1,656       
Number of variables                 151   ->   135         
j variable (18 values)                    ->   hor
xij variables:
     r_lcpi_f0 r_lcpi_f1 ... r_lcpi_f17   ->   r_lcpi_f
---------------------------------------------------------------------------
> --

. 
. tsset hor qdate

Panel variable: hor (strongly balanced)
 Time variable: qdate, 1985q1 to 2007q4
         Delta: 1 quarter

. 
. *** interact intervention with horizon dummy
. forvalues i = 0/`h'{
  2.         gen r_`z'_`i' = r_`z'*(hor==`i')
  3.         }
(108 missing values generated)
(108 missing values generated)
(108 missing values generated)
(108 missing values generated)
(108 missing values generated)
(108 missing values generated)
(108 missing values generated)
(108 missing values generated)
(108 missing values generated)
(108 missing values generated)
(108 missing values generated)
(108 missing values generated)
(108 missing values generated)
(108 missing values generated)
(108 missing values generated)
(108 missing values generated)
(108 missing values generated)
(108 missing values generated)

. 
. *** variable will store estimates of the response
. cap drop bj 

. gen bj = .
(1,656 missing values generated)

. gen sj = .
(1,656 missing values generated)

. 
. 
. *** run the pooled regression
. *** Command for OLS with Driscoll-Kraay
. xtscc r_`y'_f r_`z'_* , fe lag(`nwlag')

Regression with Driscoll-Kraay standard errors   Number of obs     =      1
> 395
Method: Fixed-effects regression                 Number of groups  =       
>  18
Group variable (i): hor                          F( 18,    85)     =     13
> .02
maximum lag: 17                                  Prob > F          =    0.0
> 000
                                                 within R-squared  =    0.0
> 263

---------------------------------------------------------------------------
> ---
             |             Drisc/Kraay
    r_lcpi_f | Coefficient  std. err.      t    P>|t|     [95% conf. interv
> al]
-------------+-------------------------------------------------------------
> ---
r_rr_shock_0 |     .03718   .0641234     0.58   0.564    -.0903145    .1646
> 744
r_rr_shock_1 |   .0264991   .1574094     0.17   0.867     -.286473    .3394
> 712
r_rr_shock_2 |  -.0701927   .1690445    -0.42   0.679    -.4062985    .2659
> 131
r_rr_shock_3 |  -.0972651   .1925768    -0.51   0.615    -.4801594    .2856
> 293
r_rr_shock_4 |   -.079699   .2505888    -0.32   0.751    -.5779366    .4185
> 385
r_rr_shock_5 |  -.1669479   .3330875    -0.50   0.618    -.8292151    .4953
> 193
r_rr_shock_6 |  -.3187805   .3692985    -0.86   0.390    -1.053045    .4154
> 838
r_rr_shock_7 |  -.3860263   .4436895    -0.87   0.387      -1.2682    .4961
> 472
r_rr_shock_8 |  -.4680645   .5347268    -0.88   0.384    -1.531245    .5951
> 157
r_rr_shock_9 |  -.6422415   .6352138    -1.01   0.315    -1.905217    .6207
> 339
r_rr_shoc~10 |  -.8881057   .6407504    -1.39   0.169    -2.162089    .3858
> 777
r_rr_shoc~11 |  -1.034987   .7056971    -1.47   0.146    -2.438102    .3681
> 276
r_rr_shoc~12 |  -1.315287   .7964428    -1.65   0.102    -2.898829    .2682
> 546
r_rr_shoc~13 |  -1.551731   .9330775    -1.66   0.100    -3.406939    .3034
> 768
r_rr_shoc~14 |  -1.544292   1.013509    -1.52   0.131     -3.55942    .4708
> 367
r_rr_shoc~15 |  -1.699767   1.034165    -1.64   0.104    -3.755963    .3564
> 294
r_rr_shoc~16 |  -1.675823   1.024833    -1.64   0.106    -3.713466    .3618
> 201
r_rr_shoc~17 |  -1.642865   .9952787    -1.65   0.102    -3.621745     .336
> 016
       _cons |   .0031094   .3377541     0.01   0.993    -.6684362     .674
> 655
---------------------------------------------------------------------------
> ---


. 
. *** Not needed but to check you get the same results as previously
. forvalues i = 0/`h'{
  2.         replace bj =  _b[r_`z'_`i'] if _n==`i'+1
  3.         replace sj = _se[r_`z'_`i'] if _n==`i'+1
  4. }
(1 real change made)
(1 real change made)
(1 real change made)
(1 real change made)
(1 real change made)
(1 real change made)
(1 real change made)
(1 real change made)
(1 real change made)
(1 real change made)
(1 real change made)
(1 real change made)
(1 real change made)
(1 real change made)
(1 real change made)
(1 real change made)
(1 real change made)
(1 real change made)
(1 real change made)
(1 real change made)
(1 real change made)
(1 real change made)
(1 real change made)
(1 real change made)
(1 real change made)
(1 real change made)
(1 real change made)
(1 real change made)
(1 real change made)
(1 real change made)
(1 real change made)
(1 real change made)
(1 real change made)
(1 real change made)
(1 real change made)
(1 real change made)

. 
. 
. 
. *** Do joint test
. testparm r_`z'_*

 ( 1)  r_rr_shock_0 = 0
 ( 2)  r_rr_shock_1 = 0
 ( 3)  r_rr_shock_2 = 0
 ( 4)  r_rr_shock_3 = 0
 ( 5)  r_rr_shock_4 = 0
 ( 6)  r_rr_shock_5 = 0
 ( 7)  r_rr_shock_6 = 0
 ( 8)  r_rr_shock_7 = 0
 ( 9)  r_rr_shock_8 = 0
 (10)  r_rr_shock_9 = 0
 (11)  r_rr_shock_10 = 0
 (12)  r_rr_shock_11 = 0
 (13)  r_rr_shock_12 = 0
 (14)  r_rr_shock_13 = 0
 (15)  r_rr_shock_14 = 0
 (16)  r_rr_shock_15 = 0
 (17)  r_rr_shock_16 = 0
 (18)  r_rr_shock_17 = 0

       F( 18,    85) =   13.02
            Prob > F =    0.0000

. local pvalue : display %12.3g r(p) 

. 
. 
. 
. 
. 
. cap drop t

. 
. cap drop zero

. gen zero = 0 if _n <= `h'
(1,639 missing values generated)

. 
. gen t = _n-1 if _n <= `h'
(1,639 missing values generated)

.          
. *** Figure with confidence bands only
.                 
.                 twoway (rarea u2_`y'_`x' d2_`y'_`x'  t,  ///
>                 fcolor(green%10) lcolor(gs15) lw(none) lpattern(solid))  
> ///
>                 (rarea u1_`y'_`x' d1_`y'_`x'  t,  ///
>                 fcolor(green%20) lcolor(gs13) lw(none) lpattern(solid)) /
> //
>                 (line b_`y'_`x' t, lcolor(green) ///
>                 lpattern(solid) lwidth(thick)) /// 
>                 (line zero t, lcolor(black)), ///
>                 xlabel(0(5)15) ylab(-6(2)2) ///
>                 ytitle("Response, log x100") ///
>                 xtitle("Horizon, quarters, {it:h}") ///
>                 note("{it:p}-value of joint significance test: `pvalue'")
>  ///
>                 graphregion(color(white)) plotregion(color(white)) ///
>                 legend(off)  ///
>                 xsize(3) ysize(3.75)

. 
. 
.                 graph rename gc_`y', replace
(note: graph gc_lcpi not found)

.                 //gr save gc_`y'_`h'.gph, replace
.                 gr export gc_`y'_`h'.pdf, replace
file /Users/oscar/Dropbox/JordaTaylorDropbox
    (1)/JEL_LP/LP_JEL_Replication/Example5_SignificanceBands/gc_lcpi_17.p
    > df saved as PDF format

.                 
. *** Figure with significance bands 
.                 
.                 twoway ///
>                 (scatteri 1.8 0 1.8 16,  recast(line) lw(thin) mc(none) l
> c(black) lp(solid)) ///        
>                 (scatteri 1.8 0 1.8 16,  recast(dropline) base(1.6) lw(th
> in) mc(none) lc(black) lp(solid)) ///
>                 (rarea u2_`y'_`x' d2_`y'_`x'  t,  ///
>                 fcolor(green%10) lcolor(gs15) lw(none) lpattern(solid))  
> ///
>                 (rarea u1_`y'_`x' d1_`y'_`x'  t,  ///
>                 fcolor(green%20) lcolor(gs13) lw(none) lpattern(solid)) /
> //
>                 (line b_`y'_`x' t, lcolor(green) ///
>                 lpattern(solid) lwidth(thick)) /// 
>                 (line bju t, lcolor(blue) ///
>                 lpattern(dash)) ///
>                 (line bjd t, lcolor(blue) ///
>                 lpattern(dash)) ///
>                 (line bootju t, lcolor(red) ///
>                 lpattern(longdash)) ///
>                 (line bootjd t, lcolor(red) ///
>                 lpattern(longdash)) ///
>                 (line zero t, lcolor(black)), ///
>                 xlabel(0(5)15) ylab(-6(2)2) ///
>                 /// subtitle("(a) Price level response") ///
>                 ytitle("Response, log CPI x100, {fontface cmsy10: R}({it:
> h})") ///
>                 xtitle("Horizon, quarters, {it:h}") ///
>                 /// note("{it:p}-value of joint significance test: `pvalu
> e'") ///
>                 text(2.2 8 "{it:p}-value of joint significance test: `pva
> lue'") ///
>                 graphregion(color(white)) plotregion(color(white)) ///
>                 legend(off) ///
>                 xsize(3) ysize(3.75)

. 
.                 graph rename gs_`y', replace
(note: graph gs_lcpi not found)

.                 // gr save gs_`y'_`h'.gph, replace
.                 gr export gs_`y'_`h'.pdf, replace
file /Users/oscar/Dropbox/JordaTaylorDropbox
    (1)/JEL_LP/LP_JEL_Replication/Example5_SignificanceBands/gs_lcpi_17.p
    > df saved as PDF format

. 
.                 
.         /*
>         gr combine gc_`y' gs_`y', ycommon
>         gr save gcombi_`y'_`h'.gph, replace
>         gr export gcombi_`y'_`h'.pdf, replace
>         */
. 
. 
end of do-file

. do sbands_RR_dif.do

. *******************************************************
. *       SIGNIFICANCE BANDS: Romer and Romer example
. *******************************************************
. cap cd "/Users/oscar/Dropbox/JordaTaylorDropbox (1)/JEL_LP/"

. cap cd "/Users/amtaylor/Dropbox/JordaTaylorDropbox/JEL_LP/"

. cd "LP_JEL_Replication/Example5_SignificanceBands/"
/Users/oscar/Dropbox/JordaTaylorDropbox (1)/JEL_LP/LP_JEL_Replication/Examp
> le5_SignificanceBands

. 
. clear

. set more off 

. 
. set scheme s1color

. graph set window fontface "Palatino"

. 
. *********DATA************************************
. 
. use aggregatedata_final.dta, clear

. 
. 
. 
. *** drop any missing observations
. cap drop when* 

. gen when=0

. 
. *** scale variables to work in percent
. replace dlrgdp = dlrgdp
(0 real changes made)

. replace dlcpi  = dlcpi
(0 real changes made)

. replace lcpi   = 100*lcpi
(508 real changes made)

. replace lrgdp  = 100*lrgdp
(514 real changes made)

. 
. 
. drop if qdate < tq(1985q1)
(384 observations deleted)

. drop if qdate > tq(2007q4)
(38 observations deleted)

. sort qdate

. tsset qdate, q

Time variable: qdate, 1985q1 to 2007q4
        Delta: 1 quarter

. 
. *********************************************
. **** SET PARAMETERS + RUN SPECIFICATIONS ****
. *********************************************
. 
. ** increase the plot horizon 
. local h = 17

. 
. * Impulse variable: stir
. local x dstir

. 
. * Response variables: lcpi
. local y dlcpi

. 
. * Instrument: rr_shock
. local z rr_shock

. 
. * LP lags
. local lags = 6

. 
. * N. of Newey-West lags
. local nwlag `h'

. 
. * Significance level of test
. local p 0.05

. 
. * Block size for bootstrap
. local block `h'

. 
. 
. ****** LP Regressions *************************
. 
. *** Construct LHS forward variables
. forvalues i=0/`h' {
  2. 
.         cap drop `y'_f`i'
  3. 
.         gen `y'_f`i' = f`i'.`y' 
  4.         
.         
. }
(1 missing value generated)
(2 missing values generated)
(3 missing values generated)
(4 missing values generated)
(5 missing values generated)
(6 missing values generated)
(7 missing values generated)
(8 missing values generated)
(9 missing values generated)
(10 missing values generated)
(11 missing values generated)
(12 missing values generated)
(13 missing values generated)
(14 missing values generated)
(15 missing values generated)
(16 missing values generated)
(17 missing values generated)

. 
. *** Empty variables to fill in with the LP estimates
. 
.         cap drop b_`y'_`x' se_`y'_`x'

.                 
.         gen b_`y'_`x' = .
(92 missing values generated)

.         gen se_`y'_`x' = .
(92 missing values generated)

.                 
. 
. 
. qui{

. *** Generate the usual confidence bands
. 
. 
.         cap drop u1_`y'_`x' d1_`y'_`x' u2_`y'_`x' d2_`y'_`x'

.         gen u1_`y'_`x' = .
(92 missing values generated)

.         gen d1_`y'_`x' = .
(92 missing values generated)

.         gen u2_`y'_`x' = .
(92 missing values generated)

.         gen d2_`y'_`x' = .
(92 missing values generated)

.         
.         replace u1_`y'_`x' = b_`y'_`x' + se_`y'_`x'
(18 real changes made)

.         replace d1_`y'_`x' = b_`y'_`x' - se_`y'_`x'
(18 real changes made)

.         replace u2_`y'_`x' = b_`y'_`x' + invnormal(1 -`p'/2)*se_`y'_`x'
(18 real changes made)

.         replace d2_`y'_`x' = b_`y'_`x' - invnormal(1 -`p'/2)*se_`y'_`x'
(18 real changes made)

.         
. 
. 
. ****************************************************
. *** Now do joint estimation using stacking trick ***
. *** Also useful to construct significance bands  ***
. 
. *** First do FWL step
. 
. 
. qui{

. 
. *** Note I used Romer shocks directly rather than as an instrument
. 
. *** Do Significance bands as in the paper
. gen bju = .
(92 missing values generated)

. gen bjd = .
(92 missing values generated)

. 
. gen w = r_`z'^2
(6 missing values generated)

. reg w

      Source |       SS           df       MS      Number of obs   =       
>  86
-------------+----------------------------------   F(0, 85)        =      0
> .00
       Model |           0         0           .   Prob > F        =       
>   .
    Residual |  .302168861        85  .003554928   R-squared       =    0.0
> 000
-------------+----------------------------------   Adj R-squared   =    0.0
> 000
       Total |  .302168861        85  .003554928   Root MSE        =    .05
> 962

---------------------------------------------------------------------------
> ---
           w | Coefficient  Std. err.      t    P>|t|     [95% conf. interv
> al]
-------------+-------------------------------------------------------------
> ---
       _cons |   .0477642   .0064293     7.43   0.000     .0349809    .0605
> 474
---------------------------------------------------------------------------
> ---

. local mw = _b[_cons]

. 
. gen eta = r_`y'_f0 * r_`z'
(6 missing values generated)

. newey eta, lag(`nwlag')

Regression with Newey–West standard errors      Number of obs     =        
>  86
Maximum lag = 17                                F(  0,        85) =        
>   .
                                                Prob > F          =        
>   .

---------------------------------------------------------------------------
> ---
             |             Newey–West
         eta | Coefficient  std. err.      t    P>|t|     [95% conf. interv
> al]
-------------+-------------------------------------------------------------
> ---
       _cons |   .0071033   .0122473     0.58   0.563    -.0172476    .0314
> 542
---------------------------------------------------------------------------
> ---

. local seta = _se[_cons]

. 
. local sbeta = `seta'/`mw'

. 
. forvalues i = 0/`h'{
  2.         replace bju = invnormal(1 - (`p'/(2*(`h'+1))))*`sbeta' if `i' 
> == _n -1
  3.         replace bjd = -bju
  4. }
(1 real change made)
(1 real change made)
(1 real change made)
(1 real change made)
(1 real change made)
(1 real change made)
(1 real change made)
(1 real change made)
(1 real change made)
(1 real change made)
(1 real change made)
(1 real change made)
(1 real change made)
(1 real change made)
(1 real change made)
(1 real change made)
(1 real change made)
(1 real change made)
(1 real change made)
(1 real change made)
(1 real change made)
(1 real change made)
(1 real change made)
(1 real change made)
(1 real change made)
(1 real change made)
(1 real change made)
(1 real change made)
(1 real change made)
(1 real change made)
(1 real change made)
(1 real change made)
(1 real change made)
(1 real change made)
(1 real change made)
(1 real change made)

. 
. *** Do a bootstrap version
. gen bootju = .
(92 missing values generated)

. gen bootjd = .
(92 missing values generated)

. 
. 
. * Create a variable for the block index
. gen block_id = floor((_n+`block'-1) /`block')

. gen x = 1

. 
. wildbootstrap reg eta x, nocons cluster(block_id)  rseed(12345)

Performing 1,000 replications for p-value for x = 0 ...
Computing confidence interval for x
  Lower bound: .........10.........20...... done (26)
note: lower-bound CI achieved F(-0.02) = 0.0190, but target is F(x) =
      .025.
note: at least one bootstrap t statistic matches the t statistic under
      the null; this prevents the CI bound from converging to the target.
  Upper bound: .........10.........20.........30.........40.. done (42)
note: upper-bound CI achieved 1-F(0.05) = 0.0230, but target is 1-F(x) =
      .025.
note: at least one bootstrap t statistic matches the t statistic under
      the null; this prevents the CI bound from converging to the target.

Wild cluster bootstrap                              Number of obs      =   
> 86
Linear regression                                   Number of clusters =   
>  6
                                                    Cluster size:
Cluster variable: block_id                                         min =   
>  7
Error weight: Rademacher                                           avg = 14
> .3
                                                                   max =   
> 17
---------------------------------------------------------------------------
> --
                     eta |   Estimate      t  p-value    [95% conf. interva
> l]
-------------------------+-------------------------------------------------
> --
constraint               |
                   x = 0 |   .0071033    0.53   0.634   -.0199454    .04662
> 11
---------------------------------------------------------------------------
> --

. local bootse = _se[x]

. local sboot_b = `bootse'/`mw'

. 
. forvalues i = 0/`h'{
  2.         replace bootju = invnormal(1 - (`p'/(2*(`h'+1))))*`sboot_b' if
>  `i' == _n -1
  3.         replace bootjd = -bootju
  4. }
(1 real change made)
(1 real change made)
(1 real change made)
(1 real change made)
(1 real change made)
(1 real change made)
(1 real change made)
(1 real change made)
(1 real change made)
(1 real change made)
(1 real change made)
(1 real change made)
(1 real change made)
(1 real change made)
(1 real change made)
(1 real change made)
(1 real change made)
(1 real change made)
(1 real change made)
(1 real change made)
(1 real change made)
(1 real change made)
(1 real change made)
(1 real change made)
(1 real change made)
(1 real change made)
(1 real change made)
(1 real change made)
(1 real change made)
(1 real change made)
(1 real change made)
(1 real change made)
(1 real change made)
(1 real change made)
(1 real change made)
(1 real change made)

. 
. 
. 
. sort qdate

. tsset qdate, q

Time variable: qdate, 1985q1 to 2007q4
        Delta: 1 quarter

. 
. 
. *** stack data by horizon
. reshape long r_`y'_f, i(qdate) j(hor)
(j = 0 1 2 3 4 5 6 7 8 9 10 11 12 13 14 15 16 17)

Data                               Wide   ->   Long
---------------------------------------------------------------------------
> --
Number of observations               92   ->   1,656       
Number of variables                 151   ->   135         
j variable (18 values)                    ->   hor
xij variables:
  r_dlcpi_f0 r_dlcpi_f1 ... r_dlcpi_f17   ->   r_dlcpi_f
---------------------------------------------------------------------------
> --

. 
. tsset hor qdate

Panel variable: hor (strongly balanced)
 Time variable: qdate, 1985q1 to 2007q4
         Delta: 1 quarter

. 
. *** interact intervention with horizon dummy
. forvalues i = 0/`h'{
  2.         gen r_`z'_`i' = r_`z'*(hor==`i')
  3.         }
(108 missing values generated)
(108 missing values generated)
(108 missing values generated)
(108 missing values generated)
(108 missing values generated)
(108 missing values generated)
(108 missing values generated)
(108 missing values generated)
(108 missing values generated)
(108 missing values generated)
(108 missing values generated)
(108 missing values generated)
(108 missing values generated)
(108 missing values generated)
(108 missing values generated)
(108 missing values generated)
(108 missing values generated)
(108 missing values generated)

. 
. *** variable will store estimates of the response
. cap drop bj 

. gen bj = .
(1,656 missing values generated)

. gen sj = .
(1,656 missing values generated)

. 
. 
. *** run the pooled regression
. *** Command for OLS with Driscoll-Kraay
. xtscc r_`y'_f r_`z'_* , fe lag(`nwlag')

Regression with Driscoll-Kraay standard errors   Number of obs     =      1
> 395
Method: Fixed-effects regression                 Number of groups  =       
>  18
Group variable (i): hor                          F( 18,    85)     =     18
> .47
maximum lag: 17                                  Prob > F          =    0.0
> 000
                                                 within R-squared  =    0.0
> 281

---------------------------------------------------------------------------
> ---
             |             Drisc/Kraay
   r_dlcpi_f | Coefficient  std. err.      t    P>|t|     [95% conf. interv
> al]
-------------+-------------------------------------------------------------
> ---
r_rr_shock_0 |   .1487163   .2564933     0.58   0.564    -.3612611    .6586
> 937
r_rr_shock_1 |  -.0346842   .4579761    -0.08   0.940    -.9452633    .8758
> 949
r_rr_shock_2 |  -.2450801   .1930995    -1.27   0.208    -.6290135    .1388
> 534
r_rr_shock_3 |  -.0124798   .2400885    -0.05   0.959      -.48984    .4648
> 805
r_rr_shock_4 |   .0398231    .256118     0.16   0.877    -.4694081    .5490
> 542
r_rr_shock_5 |  -.2768578   .3719463    -0.74   0.459    -1.016387    .4626
> 712
r_rr_shock_6 |  -.5981998   .2309951    -2.59   0.011     -1.05748   -.1389
> 197
r_rr_shock_7 |  -.3988039   .3221724    -1.24   0.219    -1.039369    .2417
> 612
r_rr_shock_8 |  -.3065929   .3865593    -0.79   0.430    -1.075176    .4619
> 905
r_rr_shock_9 |  -.7747778   .3587048    -2.16   0.034    -1.487979   -.0615
> 766
r_rr_shoc~10 |  -.9991153   .2609337    -3.83   0.000    -1.517921   -.4803
> 093
r_rr_shoc~11 |  -.5230652   .2694329    -1.94   0.056     -1.05877    .0126
> 396
r_rr_shoc~12 |  -1.022199   .3873622    -2.64   0.010    -1.792379   -.2520
> 192
r_rr_shoc~13 |  -.7801421   .4467306    -1.75   0.084    -1.668362     .108
> 078
r_rr_shoc~14 |  -.1600559   .2920995    -0.55   0.585    -.7408279    .4207
> 162
r_rr_shoc~15 |  -.7475551   .2335093    -3.20   0.002    -1.211834   -.2832
> 761
r_rr_shoc~16 |  -.3038094   .3054686    -0.99   0.323    -.9111629     .303
> 544
r_rr_shoc~17 |  -.7928137   .2607671    -3.04   0.003    -1.311289   -.2743
> 388
       _cons |   .0028919   .1433036     0.02   0.984    -.2820341    .2878
> 179
---------------------------------------------------------------------------
> ---


. 
. *** Not needed but to check you get the same results as previously
. forvalues i = 0/`h'{
  2.         replace bj =  _b[r_`z'_`i'] if _n==`i'+1
  3.         replace sj = _se[r_`z'_`i'] if _n==`i'+1
  4. }
(1 real change made)
(1 real change made)
(1 real change made)
(1 real change made)
(1 real change made)
(1 real change made)
(1 real change made)
(1 real change made)
(1 real change made)
(1 real change made)
(1 real change made)
(1 real change made)
(1 real change made)
(1 real change made)
(1 real change made)
(1 real change made)
(1 real change made)
(1 real change made)
(1 real change made)
(1 real change made)
(1 real change made)
(1 real change made)
(1 real change made)
(1 real change made)
(1 real change made)
(1 real change made)
(1 real change made)
(1 real change made)
(1 real change made)
(1 real change made)
(1 real change made)
(1 real change made)
(1 real change made)
(1 real change made)
(1 real change made)
(1 real change made)

. 
. 
. 
. *** Do joint test
. testparm r_`z'_*

 ( 1)  r_rr_shock_0 = 0
 ( 2)  r_rr_shock_1 = 0
 ( 3)  r_rr_shock_2 = 0
 ( 4)  r_rr_shock_3 = 0
 ( 5)  r_rr_shock_4 = 0
 ( 6)  r_rr_shock_5 = 0
 ( 7)  r_rr_shock_6 = 0
 ( 8)  r_rr_shock_7 = 0
 ( 9)  r_rr_shock_8 = 0
 (10)  r_rr_shock_9 = 0
 (11)  r_rr_shock_10 = 0
 (12)  r_rr_shock_11 = 0
 (13)  r_rr_shock_12 = 0
 (14)  r_rr_shock_13 = 0
 (15)  r_rr_shock_14 = 0
 (16)  r_rr_shock_15 = 0
 (17)  r_rr_shock_16 = 0
 (18)  r_rr_shock_17 = 0

       F( 18,    85) =   18.47
            Prob > F =    0.0000

. local pvalue : display %12.3g r(p) 

. 
. 
. 
. 
. 
. cap drop t

. 
. cap drop zero

. gen zero = 0 if _n <= `h'
(1,639 missing values generated)

. 
. gen t = _n-1 if _n <= `h'
(1,639 missing values generated)

.          
. *** Figure with confidence bands only
.                 
.                 twoway (rarea u2_`y'_`x' d2_`y'_`x'  t,  ///
>                 fcolor(green%10) lcolor(gs15) lw(none) lpattern(solid))  
> ///
>                 (rarea u1_`y'_`x' d1_`y'_`x'  t,  ///
>                 fcolor(green%20) lcolor(gs13) lw(none) lpattern(solid)) /
> //
>                 (line b_`y'_`x' t, lcolor(green) ///
>                 lpattern(solid) lwidth(thick)) /// 
>                 (line zero t, lcolor(black)), ///
>                 xlabel(0(5)15) ylab(-6(2)2) ///
>                 ytitle("Response, log x100") ///
>                 xtitle("Horizon, quarters, {it:h}") ///
>                 note("{it:p}-value of joint significance test: `pvalue'")
>  ///
>                 graphregion(color(white)) plotregion(color(white)) ///
>                 legend(off)  ///
>                 xsize(3) ysize(3.75)

. 
. 
.                 graph rename diff_gc_`y', replace
(note: graph diff_gc_dlcpi not found)

.                 //gr save diff_gc_`y'_`h'.gph, replace
.                 gr export diff_gc_`y'_`h'.pdf, replace
file /Users/oscar/Dropbox/JordaTaylorDropbox
    (1)/JEL_LP/LP_JEL_Replication/Example5_SignificanceBands/diff_gc_dlcp
    > i_17.pdf saved as PDF format

.                 
. *** Figure with significance bands 
.                 
.                 twoway ///
>                 (scatteri 1.8 0 1.8 16,  recast(line) lw(thin) mc(none) l
> c(black) lp(solid)) ///        
>                 (scatteri 1.8 0 1.8 16,  recast(dropline) base(1.6) lw(th
> in) mc(none) lc(black) lp(solid)) ///
>                 (rarea u2_`y'_`x' d2_`y'_`x'  t,  ///
>                 fcolor(green%10) lcolor(gs15) lw(none) lpattern(solid))  
> ///
>                 (rarea u1_`y'_`x' d1_`y'_`x'  t,  ///
>                 fcolor(green%20) lcolor(gs13) lw(none) lpattern(solid)) /
> //
>                 (line b_`y'_`x' t, lcolor(green) ///
>                 lpattern(solid) lwidth(thick)) /// 
>                 (line bju t, lcolor(blue) ///
>                 lpattern(dash)) ///
>                 (line bjd t, lcolor(blue) ///
>                 lpattern(dash)) ///
>                 (line bootju t, lcolor(red) ///
>                 lpattern(longdash)) ///
>                 (line bootjd t, lcolor(red) ///
>                 lpattern(longdash)) ///
>                 (line zero t, lcolor(black)), ///
>                 xlabel(0(5)15) ylab(-6(2)2) ///
>                 /// subtitle("(b) Inflation response") ///
>                 ytitle("Response, {&Delta} log CPI x100, {fontface cmsy10
> : R}({it:h})") ///
>                 xtitle("Horizon, quarters, {it:h}") ///
>                 /// note("{it:p}-value of joint significance test: `pvalu
> e'") ///
>                 text(2.2 8 "{it:p}-value of joint significance test: `pva
> lue'") ///
>                 graphregion(color(white)) plotregion(color(white)) ///
>                 legend(off)  ///
>                 xsize(3) ysize(3.75)

. 
. 
.                 graph rename diff_gs_`y', replace
(note: graph diff_gs_dlcpi not found)

.                 // gr save diff_gs_`y'_`h'.gph, replace
.                 gr export diff_gs_`y'_`h'.pdf, replace
file /Users/oscar/Dropbox/JordaTaylorDropbox
    (1)/JEL_LP/LP_JEL_Replication/Example5_SignificanceBands/diff_gs_dlcp
    > i_17.pdf saved as PDF format

. 
.                 
.         /*gr combine diff_gc_`y' gs_`y', ycommon
>         gr save diff_gcombi_`y'_`h'.gph, replace
>         gr export diff_gcombi_`y'_`h'.pdf, replace
>         
>         
>         gr combine "gs_lcpi_17" diff_gs_`y'_`h'.gph, ycommon
>         gr save sig_combi.gph, replace
>         gr export sig_combi.pdf, replace
>         */
.         
. 
end of do-file

. 
. * clean up and save for use in the paper
. 
. copy gs_lcpi_17.pdf                     Figure5a.pdf , replace

. copy diff_gs_dlcpi_17.pdf               Figure5b.pdf , replace

. 
. cap log close
